// Jest Snapshot v1, https://goo.gl/fbAQLP

exports[`Test book Details page components and container should test and take snapshot of ResetPasswordModal 1`] = `
<div
  className="modal"
  id="modalPassword"
>
  <button
    className="material-icons brown-text"
    id="modal-cancel"
    onClick={[Function]}
  >
    cancel
  </button>
  <div
    id="modalPasswordHeader"
  >
    <h5
      style={
        Object {
          "color": "indianred",
        }
      }
    >
      Forgotten your password?
    </h5>
  </div>
  <div
    className="modal-content"
  >
    <p>
      We will send you a password reset mail  to use for login. Enter your login email address below
    </p>
    <div
      className="input-field "
    >
      <label
        className="sr-only"
        htmlFor="firstname"
      >
        First Name
      </label>
      <i
        className="material-icons brown-text prefix"
        style={
          Object {
            "top": "20px",
          }
        }
      >
        contact_mail
      </i>
      <input
        className="form-control validate"
        id="firstname"
        name="email"
        onChange={[Function]}
        required={true}
        type="email"
        value=""
      />
      <div>
        <button
          className="waves-effect waves-brown material-icons"
          id="modalButton"
          onClick={[Function]}
        >
          send
        </button>
      </div>
    </div>
  </div>
</div>
`;
