// Jest Snapshot v1, https://goo.gl/fbAQLP

exports[`SignupPage should test and take snapshot of SignUpPage 1`] = `
<div>
  <div
    className="row"
  >
    <div
      className="col s12 col l12 col m12"
    >
      <div
        className="col s12 col m6 offset-m4 col 16 offset-l4"
        id="signup_border"
      >
        <div
          className="row"
          id="signUpForm"
        >
          <form
            action="/login"
            className="form-signin"
            onSubmit={[Function]}
          >
            <h4
              className="form-signin-heading"
            >
              Create an account
            </h4>
            
            <div
              className="row"
            >
              <div
                className="col input-field s12"
              >
                <input
                  className="form-control validate"
                  defaultValue={undefined}
                  id="firstname"
                  name="firstName"
                  onChange={[Function]}
                  placeholder={undefined}
                  required={true}
                  type="text"
                  value=""
                />
                <label
                  className=""
                  data-error={undefined}
                  data-success={undefined}
                  htmlFor="firstname"
                >
                  First Name
                </label>
              </div>
            </div>
            <div
              className="row"
            >
              <div
                className="col input-field s12"
              >
                <input
                  className="form-control validate"
                  defaultValue={undefined}
                  id="lastname"
                  name="lastName"
                  onChange={[Function]}
                  placeholder={undefined}
                  required={true}
                  type="text"
                  value=""
                />
                <label
                  className=""
                  data-error={undefined}
                  data-success={undefined}
                  htmlFor="lastname"
                >
                  Last Name
                </label>
              </div>
            </div>
            <div
              className="row"
            >
              <div
                className="col input-field s12"
              >
                <input
                  className="form-control validate"
                  defaultValue={undefined}
                  id="inputSignUpEmail"
                  name="email"
                  onChange={[Function]}
                  placeholder={undefined}
                  required={true}
                  type="email"
                  value=""
                />
                <label
                  className=""
                  data-error={undefined}
                  data-success={undefined}
                  htmlFor="inputSignUpEmail"
                >
                  Email address
                </label>
              </div>
            </div>
            <div
              className="row"
            >
              <div
                className="col input-field s12"
              >
                <input
                  className="form-control validate"
                  defaultValue={undefined}
                  id="inputUsername"
                  name="username"
                  onChange={[Function]}
                  placeholder={undefined}
                  required={true}
                  type="text"
                  value=""
                />
                <label
                  className=""
                  data-error={undefined}
                  data-success={undefined}
                  htmlFor="inputUsername"
                >
                  Username
                </label>
              </div>
            </div>
            <div
              className="row"
            >
              <div
                className="col input-field s12"
              >
                <input
                  className="form-control validate"
                  defaultValue={undefined}
                  id="inputsSignUpPassword"
                  name="password"
                  onChange={[Function]}
                  placeholder={undefined}
                  required={true}
                  type="password"
                  value=""
                />
                <label
                  className=""
                  data-error={undefined}
                  data-success={undefined}
                  htmlFor="inputsSignUpPassword"
                >
                  Password
                </label>
              </div>
            </div>
            <a
              href=""
            >
              <button
                className="btn waves-effect waves-light btn btn-lg btn-success btn-block"
                disabled={false}
                id="signUbtn"
                onClick={undefined}
                type="submit"
              >
                Sign up
              </button>
            </a>
          </form>
        </div>
      </div>
    </div>
  </div>
  <footer
    className="footer-distributed "
  >
    <div
      className="row"
    >
      <div
        className=" col l12 col m12 col s12"
      >
        <div
          className="footer-left col l4 col m4 col s12"
        >
          <h3>
            Hello
            <span>
              Books
            </span>
          </h3>
          <p
            className="footer-links"
          >
            <a
              onClick={[Function]}
              style={Object {}}
            >
              Home
            </a>
            <a
              onClick={[Function]}
              style={Object {}}
            >
              Blog
            </a>
            <a
              onClick={[Function]}
              style={Object {}}
            >
              Pricing
            </a>
            <a
              onClick={[Function]}
              style={Object {}}
            >
              About
            </a>
            <a
              onClick={[Function]}
              style={Object {}}
            >
              Faq
            </a>
            <a
              onClick={[Function]}
              style={Object {}}
            >
              Contact
            </a>
          </p>
          <p
            className="footer-company-name"
          >
            Tosmak © 2017
          </p>
        </div>
        <div
          className="footer-center col l4 col m4 col s12"
        >
          <div>
            <i
              className="fa fa-map-marker"
            />
            <p>
              <span>
                21 Ori-oke Street
              </span>
               Lagos, Nigeria
            </p>
          </div>
          <div>
            <i
              className="fa fa-phone"
            />
            <p>
              08127112053
            </p>
          </div>
          <div>
            <i
              className="fa fa-envelope"
            />
            <p>
              <a
                href="tosmak16@gmail.com"
                onClick={[Function]}
                style={Object {}}
              >
                tosmak16@gmail.com
              </a>
            </p>
          </div>
        </div>
        <div
          className="footer-right col l4 col m14 col s12"
        >
          <div
            className="footer-company-about"
          >
            <span>
              About Hello Book
            </span>
            <p>
              it is a simple application that helps manage a library and its processes like stocking,tracking and renting books
            </p>
          </div>
          <div
            className="footer-icons"
          >
            <a
              onClick={[Function]}
              style={Object {}}
            >
              <i
                className="fa fa-facebook"
              />
            </a>
            <a
              onClick={[Function]}
              style={Object {}}
            >
              <i
                className="fa fa-twitter"
              />
            </a>
            <a
              onClick={[Function]}
              style={Object {}}
            >
              <i
                className="fa fa-linkedin"
              />
            </a>
            <a
              onClick={[Function]}
              style={Object {}}
            >
              <i
                className="fa fa-github"
              />
            </a>
          </div>
        </div>
      </div>
    </div>
  </footer>
</div>
`;
